app-example/app/(auth)/complete-profile.tsx(14,27): error TS2307: Cannot find module '../../store/uiAtoms' or its corresponding type declarations.
app-example/app/(auth)/complete-profile.tsx(15,25): error TS2307: Cannot find module '../../apis/auth' or its corresponding type declarations.
app-example/app/(auth)/complete-profile.tsx(20,17): error TS2339: Property 'userApiRefetch' does not exist on type '{ isLoggedIn: any; isLoading: boolean; user: any; authToken: any; refreshToken: any; login: (data: LoginPayload) => Promise<{ success: boolean; error?: undefined; } | { success: boolean; error: any; }>; ... 4 more ...; isAppFirstOpened: any; }'.
app-example/app/(auth)/complete-profile.tsx(175,13): error TS2322: Type '{ title: string; iconName: "cloud-upload"; handlePress: () => Promise<void>; customStyles: string; }' is not assignable to type 'IntrinsicAttributes & CustomBtnProps'.
  Property 'customStyles' does not exist on type 'IntrinsicAttributes & CustomBtnProps'.
app-example/app/(auth)/send-otp.tsx(13,27): error TS2307: Cannot find module '../../store/uiAtoms' or its corresponding type declarations.
app-example/app/(auth)/sign-in.tsx(20,27): error TS2307: Cannot find module '../../store/uiAtoms' or its corresponding type declarations.
app-example/app/(auth)/verify-otp.tsx(12,27): error TS2307: Cannot find module '../../store/uiAtoms' or its corresponding type declarations.
app-example/app/(tabs)/_layout.tsx(4,27): error TS2307: Cannot find module '@/components/haptic-tab' or its corresponding type declarations.
app-example/app/(tabs)/_layout.tsx(5,28): error TS2307: Cannot find module '@/components/ui/icon-symbol' or its corresponding type declarations.
app-example/app/(tabs)/_layout.tsx(6,24): error TS2307: Cannot find module '@/constants/theme' or its corresponding type declarations.
app-example/app/(tabs)/_layout.tsx(7,32): error TS2307: Cannot find module '@/hooks/use-color-scheme' or its corresponding type declarations.
app-example/app/(tabs)/explore.tsx(4,29): error TS2307: Cannot find module '@/components/ui/collapsible' or its corresponding type declarations.
app-example/app/(tabs)/explore.tsx(5,30): error TS2307: Cannot find module '@/components/external-link' or its corresponding type declarations.
app-example/app/(tabs)/explore.tsx(6,32): error TS2307: Cannot find module '@/components/parallax-scroll-view' or its corresponding type declarations.
app-example/app/(tabs)/explore.tsx(7,28): error TS2307: Cannot find module '@/components/themed-text' or its corresponding type declarations.
app-example/app/(tabs)/explore.tsx(8,28): error TS2307: Cannot find module '@/components/themed-view' or its corresponding type declarations.
app-example/app/(tabs)/explore.tsx(9,28): error TS2307: Cannot find module '@/components/ui/icon-symbol' or its corresponding type declarations.
app-example/app/(tabs)/explore.tsx(10,23): error TS2307: Cannot find module '@/constants/theme' or its corresponding type declarations.
app-example/app/(tabs)/index.tsx(4,27): error TS2307: Cannot find module '@/components/hello-wave' or its corresponding type declarations.
app-example/app/(tabs)/index.tsx(5,32): error TS2307: Cannot find module '@/components/parallax-scroll-view' or its corresponding type declarations.
app-example/app/(tabs)/index.tsx(6,28): error TS2307: Cannot find module '@/components/themed-text' or its corresponding type declarations.
app-example/app/(tabs)/index.tsx(7,28): error TS2307: Cannot find module '@/components/themed-view' or its corresponding type declarations.
app-example/app/_layout.tsx(4,38): error TS2307: Cannot find module '../store/authAtoms' or its corresponding type declarations.
app-example/app/modal.tsx(4,28): error TS2307: Cannot find module '@/components/themed-text' or its corresponding type declarations.
app-example/app/modal.tsx(5,28): error TS2307: Cannot find module '@/components/themed-view' or its corresponding type declarations.
app-example/components/authComp/DynamicBackground.tsx(113,9): error TS2769: No overload matches this call.
  Overload 1 of 2, '(props: LinearGradientProps): LinearGradient', gave the following error.
    Type 'string[]' is not assignable to type 'readonly [ColorValue, ColorValue, ...ColorValue[]]'.
      Source provides no match for required element at position 0 in target.
  Overload 2 of 2, '(props: LinearGradientProps, context: any): LinearGradient', gave the following error.
    Type 'string[]' is not assignable to type 'readonly [ColorValue, ColorValue, ...ColorValue[]]'.
      Source provides no match for required element at position 0 in target.
app-example/components/authComp/DynamicBackground.tsx(122,11): error TS2769: No overload matches this call.
  Overload 1 of 2, '(props: LinearGradientProps): LinearGradient', gave the following error.
    Type 'string[]' is not assignable to type 'readonly [ColorValue, ColorValue, ...ColorValue[]]'.
      Source provides no match for required element at position 0 in target.
  Overload 2 of 2, '(props: LinearGradientProps, context: any): LinearGradient', gave the following error.
    Type 'string[]' is not assignable to type 'readonly [ColorValue, ColorValue, ...ColorValue[]]'.
      Source provides no match for required element at position 0 in target.
app-example/components/authComp/DynamicBackground.tsx(132,11): error TS2769: No overload matches this call.
  Overload 1 of 2, '(props: LinearGradientProps): LinearGradient', gave the following error.
    Type 'string[]' is not assignable to type 'readonly [ColorValue, ColorValue, ...ColorValue[]]'.
      Source provides no match for required element at position 0 in target.
  Overload 2 of 2, '(props: LinearGradientProps, context: any): LinearGradient', gave the following error.
    Type 'string[]' is not assignable to type 'readonly [ColorValue, ColorValue, ...ColorValue[]]'.
      Source provides no match for required element at position 0 in target.
app-example/components/authComp/DynamicBackground.tsx(142,11): error TS2769: No overload matches this call.
  Overload 1 of 2, '(props: LinearGradientProps): LinearGradient', gave the following error.
    Type 'string[]' is not assignable to type 'readonly [ColorValue, ColorValue, ...ColorValue[]]'.
      Source provides no match for required element at position 0 in target.
  Overload 2 of 2, '(props: LinearGradientProps, context: any): LinearGradient', gave the following error.
    Type 'string[]' is not assignable to type 'readonly [ColorValue, ColorValue, ...ColorValue[]]'.
      Source provides no match for required element at position 0 in target.
app-example/components/CustomBtn.tsx(93,11): error TS2769: No overload matches this call.
  Overload 1 of 2, '(props: LinearGradientProps): LinearGradient', gave the following error.
    Type 'string[]' is not assignable to type 'readonly [ColorValue, ColorValue, ...ColorValue[]]'.
      Source provides no match for required element at position 0 in target.
  Overload 2 of 2, '(props: LinearGradientProps, context: any): LinearGradient', gave the following error.
    Type 'string[]' is not assignable to type 'readonly [ColorValue, ColorValue, ...ColorValue[]]'.
      Source provides no match for required element at position 0 in target.
app-example/components/parallax-scroll-view.tsx(10,28): error TS2307: Cannot find module '@/components/themed-view' or its corresponding type declarations.
app-example/components/parallax-scroll-view.tsx(11,32): error TS2307: Cannot find module '@/hooks/use-color-scheme' or its corresponding type declarations.
app-example/components/parallax-scroll-view.tsx(12,31): error TS2307: Cannot find module '@/hooks/use-theme-color' or its corresponding type declarations.
app-example/components/parallax-scroll-view.tsx(55,30): error TS7053: Element implicitly has an 'any' type because expression of type 'any' can't be used to index type '{ dark: string; light: string; }'.
app-example/components/ReUsables/CustomToast.tsx(4,27): error TS2307: Cannot find module '../../store' or its corresponding type declarations.
app-example/components/ReUsables/CustomToast.tsx(19,15): error TS7006: Parameter 'prev' implicitly has an 'any' type.
app-example/components/ReUsables/CustomToast.tsx(29,9): error TS7053: Element implicitly has an 'any' type because expression of type 'any' can't be used to index type '{ primary: string; secondary: string; success: string; error: string; muted: string; }'.
app-example/components/SignInForm.tsx(41,9): error TS2322: Type '{ ref: RefObject<any>; label: string; placeholder: string; value: any; onChangeText: (password: string) => void; secureTextEntry: boolean; returnKeyType: "done"; leftIcon: "lock"; rightIcon: "eye" | "eye-off"; rightPress: () => void; containerStyles: string; }' is not assignable to type 'IntrinsicAttributes & CustomInputProps'.
  Property 'ref' does not exist on type 'IntrinsicAttributes & CustomInputProps'.
app-example/components/themed-text.tsx(3,31): error TS2307: Cannot find module '@/hooks/use-theme-color' or its corresponding type declarations.
app-example/components/themed-view.tsx(3,31): error TS2307: Cannot find module '@/hooks/use-theme-color' or its corresponding type declarations.
app-example/components/ui/collapsible.tsx(4,28): error TS2307: Cannot find module '@/components/themed-text' or its corresponding type declarations.
app-example/components/ui/collapsible.tsx(5,28): error TS2307: Cannot find module '@/components/themed-view' or its corresponding type declarations.
app-example/components/ui/collapsible.tsx(6,28): error TS2307: Cannot find module '@/components/ui/icon-symbol' or its corresponding type declarations.
app-example/components/ui/collapsible.tsx(7,24): error TS2307: Cannot find module '@/constants/theme' or its corresponding type declarations.
app-example/components/ui/collapsible.tsx(8,32): error TS2307: Cannot find module '@/hooks/use-color-scheme' or its corresponding type declarations.
app-example/hooks/use-theme-color.ts(6,24): error TS2307: Cannot find module '@/constants/theme' or its corresponding type declarations.
app-example/hooks/use-theme-color.ts(7,32): error TS2307: Cannot find module '@/hooks/use-color-scheme' or its corresponding type declarations.
app-example/hooks/use-theme-color.ts(14,26): error TS7053: Element implicitly has an 'any' type because expression of type 'any' can't be used to index type '{ light?: string | undefined; dark?: string | undefined; }'.
app-example/hooks/useAuth.ts(10,8): error TS2307: Cannot find module '../store/authAtoms' or its corresponding type declarations.
app-example/hooks/useAuth.ts(11,30): error TS2307: Cannot find module '../store/userAtoms' or its corresponding type declarations.
app-example/hooks/useAuth.ts(12,25): error TS2307: Cannot find module '../apis/auth' or its corresponding type declarations.
app-example/hooks/useAuth.ts(13,65): error TS2307: Cannot find module '../types/auth' or its corresponding type declarations.
app/(auth)/clinic-registration.tsx(17,17): error TS2339: Property 'refreshUser' does not exist on type '{ isLoggedIn: boolean; isLoading: boolean; user: Doctor | null; authToken: string; refreshToken: string; login: (data: LoginPayload) => Promise<{ success: boolean; error?: undefined; } | { ...; }>; ... 8 more ...; registerDirect: (data: any) => Promise<...>; }'.
app/(auth)/clinic-registration.tsx(100,14): error TS2741: Property 'icon' is missing in type '{ placeholder: string; value: string; onChangeText: Dispatch<SetStateAction<string>>; }' but required in type 'GlassInputProps'.
app/(auth)/clinic-registration.tsx(105,14): error TS2741: Property 'icon' is missing in type '{ placeholder: string; value: string; onChangeText: Dispatch<SetStateAction<string>>; }' but required in type 'GlassInputProps'.
app/(auth)/clinic-registration.tsx(111,16): error TS2741: Property 'icon' is missing in type '{ containerStyle: { flex: number; }; placeholder: string; value: string; onChangeText: Dispatch<SetStateAction<string>>; }' but required in type 'GlassInputProps'.
app/(auth)/clinic-registration.tsx(117,16): error TS2741: Property 'icon' is missing in type '{ containerStyle: { flex: number; }; placeholder: string; value: string; onChangeText: Dispatch<SetStateAction<string>>; }' but required in type 'GlassInputProps'.
app/(tabs)/_layout.tsx(19,37): error TS2353: Object literal may only specify known properties, and 'icon' does not exist in type 'TabsProps | ((prop: { route: RouteProp<ParamListBase, string>; navigation: any; }) => TabsProps)'.
app/(tabs)/_layout.tsx(26,13): error TS2353: Object literal may only specify known properties, and 'icon' does not exist in type 'TabsProps | ((prop: { route: RouteProp<ParamListBase, string>; navigation: any; }) => TabsProps)'.
app/(tabs)/index.tsx(20,17): error TS2339: Property 'refreshUser' does not exist on type '{ isLoggedIn: boolean; isLoading: boolean; user: Doctor | null; authToken: string; refreshToken: string; login: (data: LoginPayload) => Promise<{ success: boolean; error?: undefined; } | { ...; }>; ... 8 more ...; registerDirect: (data: any) => Promise<...>; }'.
app/(tabs)/index.tsx(129,26): error TS2339: Property 'gradients' does not exist on type 'DefaultColors'.
components/CustomBtn.tsx(93,11): error TS2769: No overload matches this call.
  Overload 1 of 2, '(props: LinearGradientProps): LinearGradient', gave the following error.
    Type 'string[]' is not assignable to type 'readonly [ColorValue, ColorValue, ...ColorValue[]]'.
      Source provides no match for required element at position 0 in target.
  Overload 2 of 2, '(props: LinearGradientProps, context: any): LinearGradient', gave the following error.
    Type 'string[]' is not assignable to type 'readonly [ColorValue, ColorValue, ...ColorValue[]]'.
      Source provides no match for required element at position 0 in target.
components/parallax-scroll-view.tsx(10,28): error TS2307: Cannot find module '@/components/themed-view' or its corresponding type declarations.
components/parallax-scroll-view.tsx(11,32): error TS2307: Cannot find module '@/hooks/use-color-scheme' or its corresponding type declarations.
components/parallax-scroll-view.tsx(12,31): error TS2307: Cannot find module '@/hooks/use-theme-color' or its corresponding type declarations.
components/parallax-scroll-view.tsx(55,30): error TS7053: Element implicitly has an 'any' type because expression of type 'any' can't be used to index type '{ dark: string; light: string; }'.
components/Profile/HealthMetrics.tsx(3,10): error TS2305: Module '"../../atoms/store"' has no exported member 'useUserDataState'.
components/Profile/HealthMetrics.tsx(3,28): error TS2305: Module '"../../atoms/store"' has no exported member 'useToastSate'.
components/Profile/QRCodeDisplay.tsx(6,10): error TS2305: Module '"../../atoms/store"' has no exported member 'useToastSate'.
components/ReUsables/CustomToast.tsx(29,9): error TS7053: Element implicitly has an 'any' type because expression of type '"error" | "success" | "info" | "warning"' can't be used to index type '{ primary: string; secondary: string; success: string; error: string; muted: string; }'.
  Property 'info' does not exist on type '{ primary: string; secondary: string; success: string; error: string; muted: string; }'.
components/SignInForm.tsx(41,9): error TS2322: Type '{ ref: RefObject<any>; label: string; placeholder: string; value: any; onChangeText: (password: string) => void; secureTextEntry: boolean; returnKeyType: "done"; leftIcon: "lock"; rightIcon: "eye" | "eye-off"; rightPress: () => void; containerStyles: string; }' is not assignable to type 'IntrinsicAttributes & CustomInputProps'.
  Property 'ref' does not exist on type 'IntrinsicAttributes & CustomInputProps'.
components/themed-text.tsx(3,31): error TS2307: Cannot find module '@/hooks/use-theme-color' or its corresponding type declarations.
components/themed-view.tsx(3,31): error TS2307: Cannot find module '@/hooks/use-theme-color' or its corresponding type declarations.
components/ui/collapsible.tsx(4,28): error TS2307: Cannot find module '@/components/themed-text' or its corresponding type declarations.
components/ui/collapsible.tsx(5,28): error TS2307: Cannot find module '@/components/themed-view' or its corresponding type declarations.
components/ui/collapsible.tsx(6,28): error TS2307: Cannot find module '@/components/ui/icon-symbol' or its corresponding type declarations.
components/ui/collapsible.tsx(7,24): error TS2307: Cannot find module '@/constants/theme' or its corresponding type declarations.
components/ui/collapsible.tsx(8,32): error TS2307: Cannot find module '@/hooks/use-color-scheme' or its corresponding type declarations.
components/ui/GradientCard.tsx(48,9): error TS4104: The type 'readonly ["#3b82f6", "#1d5cb8"]' is 'readonly' and cannot be assigned to the mutable type 'string[]'.
components/ui/GradientCard.tsx(51,9): error TS4104: The type 'readonly ["#95c7fe", "#3b82f6"]' is 'readonly' and cannot be assigned to the mutable type 'string[]'.
components/ui/GradientCard.tsx(54,9): error TS4104: The type 'readonly ["#6ba9fd", "#3b82f6"]' is 'readonly' and cannot be assigned to the mutable type 'string[]'.
components/ui/GradientCard.tsx(57,9): error TS4104: The type 'readonly ["#ff69b9", "#ff2d9d"]' is 'readonly' and cannot be assigned to the mutable type 'string[]'.
components/ui/GradientCard.tsx(60,9): error TS4104: The type 'readonly ["#10B981", "#059669"]' is 'readonly' and cannot be assigned to the mutable type 'string[]'.
components/ui/GradientCard.tsx(63,9): error TS4104: The type 'readonly ["#F59E0B", "#D97706"]' is 'readonly' and cannot be assigned to the mutable type 'string[]'.
components/ui/GradientCard.tsx(66,9): error TS4104: The type 'readonly ["#EF4444", "#DC2626"]' is 'readonly' and cannot be assigned to the mutable type 'string[]'.
components/ui/GradientCard.tsx(69,9): error TS4104: The type 'readonly ["rgba(255,255,255,0.8)", "rgba(255,255,255,0.4)"]' is 'readonly' and cannot be assigned to the mutable type 'string[]'.
components/ui/GradientCard.tsx(72,9): error TS4104: The type 'readonly ["rgba(255,105,185,0.15)", "rgba(255,45,157,0.05)"]' is 'readonly' and cannot be assigned to the mutable type 'string[]'.
components/ui/GradientCard.tsx(75,9): error TS4104: The type 'readonly ["rgba(59,130,246,0.15)", "rgba(29,92,184,0.05)"]' is 'readonly' and cannot be assigned to the mutable type 'string[]'.
components/ui/GradientCard.tsx(78,9): error TS4104: The type 'readonly ["#374151", "#1F2937"]' is 'readonly' and cannot be assigned to the mutable type 'string[]'.
components/ui/GradientCard.tsx(82,9): error TS4104: The type 'readonly ["#F5F5F5", "#E0E0E0"]' is 'readonly' and cannot be assigned to the mutable type 'string[]'.
components/ui/PremiumCard.tsx(28,7): error TS2769: No overload matches this call.
  Overload 1 of 2, '(props: LinearGradientProps): LinearGradient', gave the following error.
    Type 'string[]' is not assignable to type 'readonly [ColorValue, ColorValue, ...ColorValue[]]'.
      Source provides no match for required element at position 0 in target.
  Overload 2 of 2, '(props: LinearGradientProps, context: any): LinearGradient', gave the following error.
    Type 'string[]' is not assignable to type 'readonly [ColorValue, ColorValue, ...ColorValue[]]'.
      Source provides no match for required element at position 0 in target.
firebaseConfig.ts(2,26): error TS2305: Module '"firebase/auth"' has no exported member 'getReactNativePersistence'.
hooks/use-theme-color.ts(6,24): error TS2307: Cannot find module '@/constants/theme' or its corresponding type declarations.
hooks/use-theme-color.ts(7,32): error TS2307: Cannot find module '@/hooks/use-color-scheme' or its corresponding type declarations.
hooks/use-theme-color.ts(14,26): error TS7053: Element implicitly has an 'any' type because expression of type 'any' can't be used to index type '{ light?: string | undefined; dark?: string | undefined; }'.
